// Jest Snapshot v1, https://goo.gl/fbAQLP

exports[`renders correctly 1`] = `
<View
  accessible={true}
  focusable={true}
  onClick={[Function]}
  onResponderGrant={[Function]}
  onResponderMove={[Function]}
  onResponderRelease={[Function]}
  onResponderTerminate={[Function]}
  onResponderTerminationRequest={[Function]}
  onStartShouldSetResponder={[Function]}
  style={
    Object {
      "alignItems": "center",
      "backgroundColor": "blueviolet",
      "borderRadius": 4,
      "elevation": 2,
      "opacity": 1,
      "paddingBottom": 8,
      "paddingLeft": 8,
      "paddingRight": 8,
      "paddingTop": 8,
      "width": "100%",
    }
  }
>
  <Text
    style={
      Array [
        Object {
          "color": "white",
          "fontSize": 20,
          "fontWeight": "bold",
        },
      ]
    }
  >
    teste
  </Text>
</View>
`;
